// Jest Snapshot v1, https://goo.gl/fbAQLP

exports[`PasswordInput render PasswordInput without EyeIcon should render PasswordInput without showPassword icon 1`] = `
<div>
  <div
    className="sc-dlfnbm InidV"
  >
    <label
      className="sc-bdfBwQ gaSFkq"
      htmlFor="test-html-id"
    >
      Password
      <span
        className="sc-gsTCUz wIMML"
      >
         * 
      </span>
    </label>
    <input
      className="sc-hKgILt brxkeH"
      id="test-html-id"
      minLength={8}
      name="test name"
      onChange={[MockFunction]}
      placeholder="test placeholder"
      type="password"
    />
    <div
      className="sc-jSgupP clBKku"
      width={150}
    >
      <div
        className="sc-gKsewC eULEFe"
        height={8}
        width={30}
      />
    </div>
    <div
      className="sc-eCssSg dIgmt"
    >
      some error
    </div>
  </div>
</div>
`;

exports[`PasswordInput when showTogglePasswordIcon is true or undefined should render PasswordInput without showPassword icon 1`] = `
<div>
  <div
    className="sc-dlfnbm InidV"
  >
    <label
      className="sc-bdfBwQ gaSFkq"
      htmlFor="test-html-id"
    >
      Password
      <span
        className="sc-gsTCUz wIMML"
      >
         * 
      </span>
    </label>
    <input
      className="sc-hKgILt brxkeH"
      id="test-html-id"
      minLength={8}
      name="test name"
      onChange={[MockFunction]}
      placeholder="test placeholder"
      type="password"
    />
    <div
      className="sc-jSgupP clBKku"
      width={150}
    >
      <div
        className="sc-gKsewC eULEFe"
        height={8}
        width={30}
      />
    </div>
    <div
      className="sc-eCssSg dIgmt"
    >
      some error
    </div>
  </div>
</div>
`;
